// Vitest Snapshot v1

exports[`Grid test cases: > should render correctly 1`] = `
<DocumentFragment>
  <div
    class="css-2gtdmb"
  >
    <div
      class="css-77ydc3"
    >
      <div
        class="css-3tubcw"
      />
    </div>
    <div
      class="css-6f1wo7"
    >
      2
    </div>
    <div
      class="css-77ydc3"
    >
      <div
        class="css-3tubcw"
      />
    </div>
    <div
      class="css-kj4uv0"
    >
      1
    </div>
    <div
      class="css-1ohgs2d"
    />
    <div
      class="css-1ohgs2d"
    />
    <div
      class="css-kj4uv0"
    >
      1
    </div>
    <div
      class="css-kj4uv0"
    >
      1
    </div>
    <div
      class="css-kj4uv0"
    >
      1
    </div>
    <div
      class="css-kj4uv0"
    >
      1
    </div>
    <div
      class="css-kj4uv0"
    >
      1
    </div>
    <div
      class="css-kj4uv0"
    >
      1
    </div>
    <div
      class="css-kj4uv0"
    >
      1
    </div>
    <div
      class="css-6f1wo7"
    >
      2
    </div>
    <div
      class="css-6f1wo7"
    >
      2
    </div>
    <div
      class="css-6f1wo7"
    >
      2
    </div>
    <div
      class="css-kj4uv0"
    >
      1
    </div>
    <div
      class="css-1ohgs2d"
    />
    <div
      class="css-kj4uv0"
    >
      1
    </div>
    <div
      class="css-77ydc3"
    >
      <div
        class="css-3tubcw"
      />
    </div>
    <div
      class="css-kj4uv0"
    >
      1
    </div>
    <div
      class="css-kj4uv0"
    >
      1
    </div>
    <div
      class="css-77ydc3"
    >
      <div
        class="css-3tubcw"
      />
    </div>
    <div
      class="css-kj4uv0"
    >
      1
    </div>
    <div
      class="css-1ohgs2d"
    />
    <div
      class="css-1ohgs2d"
    />
    <div
      class="css-kj4uv0"
    >
      1
    </div>
    <div
      class="css-77ydc3"
    >
      <div
        class="css-3tubcw"
      />
    </div>
    <div
      class="css-5803oy"
    />
    <div
      class="css-1ohgs2d"
    />
    <div
      class="css-6f1wo7"
    >
      2
    </div>
    <div
      class="css-6f1wo7"
    >
      2
    </div>
    <div
      class="css-6f1wo7"
    >
      2
    </div>
    <div
      class="css-kj4uv0"
    >
      1
    </div>
    <div
      class="css-kj4uv0"
    >
      1
    </div>
    <div
      class="css-kj4uv0"
    >
      1
    </div>
    <div
      class="css-1ohgs2d"
    />
    <div
      class="css-1ohgs2d"
    />
    <div
      class="css-5803oy"
    />
    <div
      class="css-5803oy"
    />
    <div
      class="css-kj4uv0"
    >
      1
    </div>
    <div
      class="css-1ohgs2d"
    />
    <div
      class="css-kj4uv0"
    >
      1
    </div>
    <div
      class="css-77ydc3"
    >
      <div
        class="css-3tubcw"
      />
    </div>
    <div
      class="css-kj4uv0"
    >
      1
    </div>
    <div
      class="css-6f1wo7"
    >
      2
    </div>
    <div
      class="css-6f1wo7"
    >
      2
    </div>
    <div
      class="css-6f1wo7"
    >
      2
    </div>
    <div
      class="css-1ohgs2d"
    />
    <div
      class="css-kj4uv0"
    >
      1
    </div>
    <div
      class="css-kj4uv0"
    >
      1
    </div>
    <div
      class="css-6f1wo7"
    >
      2
    </div>
    <div
      class="css-6f1wo7"
    >
      2
    </div>
    <div
      class="css-77ydc3"
    >
      <div
        class="css-3tubcw"
      />
    </div>
    <div
      class="css-kj4uv0"
    >
      1
    </div>
    <div
      class="css-kj4uv0"
    >
      1
    </div>
    <div
      class="css-kj4uv0"
    >
      1
    </div>
    <div
      class="css-1ohgs2d"
    />
    <div
      class="css-1ohgs2d"
    />
    <div
      class="css-1ohgs2d"
    />
    <div
      class="css-1ohgs2d"
    />
    <div
      class="css-kj4uv0"
    >
      1
    </div>
    <div
      class="css-77ydc3"
    >
      <div
        class="css-3tubcw"
      />
    </div>
    <div
      class="css-1ild62n"
    >
      3
    </div>
    <div
      class="css-77ydc3"
    >
      <div
        class="css-3tubcw"
      />
    </div>
    <div
      class="css-6f1wo7"
    >
      2
    </div>
    <div
      class="css-5803oy"
    />
    <div
      class="css-1ohgs2d"
    />
    <div
      class="css-1ohgs2d"
    />
    <div
      class="css-6f1wo7"
    >
      2
    </div>
    <div
      class="css-kj4uv0"
    >
      1
    </div>
    <div
      class="css-kj4uv0"
    >
      1
    </div>
    <div
      class="css-1ohgs2d"
    />
    <div
      class="css-6f1wo7"
    >
      2
    </div>
    <div
      class="css-6f1wo7"
    >
      2
    </div>
    <div
      class="css-v3wr85"
    >
      4
    </div>
    <div
      class="css-77ydc3"
    >
      <div
        class="css-3tubcw"
      />
    </div>
    <div
      class="css-6f1wo7"
    >
      2
    </div>
    <div
      class="css-5803oy"
    />
    <div
      class="css-kj4uv0"
    >
      1
    </div>
    <div
      class="css-kj4uv0"
    >
      1
    </div>
    <div
      class="css-kj4uv0"
    >
      1
    </div>
    <div
      class="css-77ydc3"
    >
      <div
        class="css-3tubcw"
      />
    </div>
    <div
      class="css-kj4uv0"
    >
      1
    </div>
    <div
      class="css-1ohgs2d"
    />
    <div
      class="css-kj4uv0"
    >
      1
    </div>
    <div
      class="css-77ydc3"
    >
      <div
        class="css-3tubcw"
      />
    </div>
    <div
      class="css-6f1wo7"
    >
      2
    </div>
    <div
      class="css-kj4uv0"
    >
      1
    </div>
    <div
      class="css-kj4uv0"
    >
      1
    </div>
    <div
      class="css-kj4uv0"
    >
      1
    </div>
    <div
      class="css-77ydc3"
    >
      <div
        class="css-3tubcw"
      />
    </div>
    <div
      class="css-kj4uv0"
    >
      1
    </div>
    <div
      class="css-6f1wo7"
    >
      2
    </div>
    <div
      class="css-6f1wo7"
    >
      2
    </div>
    <div
      class="css-6f1wo7"
    >
      2
    </div>
    <div
      class="css-1ohgs2d"
    />
    <div
      class="css-kj4uv0"
    >
      1
    </div>
    <div
      class="css-5803oy"
    />
    <div
      class="css-5803oy"
    />
    <div
      class="css-1ohgs2d"
    />
    <div
      class="css-1ohgs2d"
    />
    <div
      class="css-kj4uv0"
    >
      1
    </div>
    <div
      class="css-kj4uv0"
    >
      1
    </div>
    <div
      class="css-kj4uv0"
    >
      1
    </div>
    <div
      class="css-kj4uv0"
    >
      1
    </div>
    <div
      class="css-77ydc3"
    >
      <div
        class="css-3tubcw"
      />
    </div>
    <div
      class="css-kj4uv0"
    >
      1
    </div>
    <div
      class="css-1ohgs2d"
    />
    <div
      class="css-kj4uv0"
    >
      1
    </div>
    <div
      class="css-5803oy"
    />
    <div
      class="css-5803oy"
    />
    <div
      class="css-1ohgs2d"
    />
    <div
      class="css-1ohgs2d"
    />
    <div
      class="css-kj4uv0"
    >
      1
    </div>
    <div
      class="css-kj4uv0"
    >
      1
    </div>
    <div
      class="css-kj4uv0"
    >
      1
    </div>
    <div
      class="css-kj4uv0"
    >
      1
    </div>
    <div
      class="css-77ydc3"
    >
      <div
        class="css-3tubcw"
      />
    </div>
    <div
      class="css-kj4uv0"
    >
      1
    </div>
    <div
      class="css-1ohgs2d"
    />
    <div
      class="css-kj4uv0"
    >
      1
    </div>
    <div
      class="css-kj4uv0"
    >
      1
    </div>
    <div
      class="css-kj4uv0"
    >
      1
    </div>
    <div
      class="css-1ohgs2d"
    />
    <div
      class="css-1ohgs2d"
    />
    <div
      class="css-kj4uv0"
    >
      1
    </div>
    <div
      class="css-kj4uv0"
    >
      1
    </div>
    <div
      class="css-kj4uv0"
    >
      1
    </div>
    <div
      class="css-kj4uv0"
    >
      1
    </div>
    <div
      class="css-77ydc3"
    >
      <div
        class="css-3tubcw"
      />
    </div>
    <div
      class="css-kj4uv0"
    >
      1
    </div>
    <div
      class="css-1ohgs2d"
    />
    <div
      class="css-kj4uv0"
    >
      1
    </div>
    <div
      class="css-kj4uv0"
    >
      1
    </div>
    <div
      class="css-kj4uv0"
    >
      1
    </div>
    <div
      class="css-1ohgs2d"
    />
    <div
      class="css-1ohgs2d"
    />
    <div
      class="css-kj4uv0"
    >
      1
    </div>
    <div
      class="css-kj4uv0"
    >
      1
    </div>
    <div
      class="css-kj4uv0"
    >
      1
    </div>
    <div
      class="css-kj4uv0"
    >
      1
    </div>
    <div
      class="css-77ydc3"
    >
      <div
        class="css-3tubcw"
      />
    </div>
    <div
      class="css-kj4uv0"
    >
      1
    </div>
  </div>
</DocumentFragment>
`;
